
   FAIL  Tests\Feature\HouseholdApiTest
  Ô¿» unauthenticated users cannot access households
  Ô¿» user can create a household and is attached as admin
  Ô¿» tenant isolation: user cannot see households they do not belong to
  Ô¿» authorization: only admins can invite users to a household
  ÔöÇÔöÇÔöÇÔöÇÔöÇÔöÇÔöÇÔöÇÔöÇÔöÇÔöÇÔöÇÔöÇÔöÇÔöÇÔöÇÔöÇÔöÇÔöÇÔöÇÔöÇÔöÇÔöÇÔöÇÔöÇ  
   FAILEDÔÇª  QueryException   
  could not find driver (Connection: sqlite, Database: :memory:, SQL: select exists (select 1 from "main".sqlite_master where name = 'migrations' and type = 'table') as "exists")

  at vendor\laravel\framework\src\Illuminate\Database\Connectors\Connector.php:66
     62Ôûò      */
     63Ôûò     protected function createPdoConnection($dsn, $username, #[\SensitiveParameter] $password, $options)
     64Ôûò     {
     65Ôûò         return version_compare(PHP_VERSION, '8.4.0', '<')
  Ô×£  66Ôûò             ? new PDO($dsn, $username, $password, $options)
     67Ôûò             : PDO::connect($dsn, $username, $password, $options); /** @phpstan-ignore staticMethod.notFound (PHP 8.4) */
     68Ôûò     }
     69Ôûò 
     70Ôûò     /**

  1   vendor\laravel\framework\src\Illuminate\Database\Connectors\Connector.php:66
  2   vendor\laravel\framework\src\Illuminate\Database\Connectors\Connector.php:44

  ÔöÇÔöÇÔöÇÔöÇÔöÇÔöÇÔöÇÔöÇÔöÇÔöÇÔöÇÔöÇÔöÇÔöÇÔöÇÔöÇÔöÇÔöÇÔöÇÔöÇÔöÇÔöÇÔöÇÔöÇÔöÇ  
   FAILEDÔÇª  QueryException   
  could not find driver (Connection: sqlite, Database: :memory:, SQL: select exists (select 1 from "main".sqlite_master where name = 'migrations' and type = 'table') as "exists")

  at vendor\laravel\framework\src\Illuminate\Database\Connectors\Connector.php:66
     62Ôûò      */
     63Ôûò     protected function createPdoConnection($dsn, $username, #[\SensitiveParameter] $password, $options)
     64Ôûò     {
     65Ôûò         return version_compare(PHP_VERSION, '8.4.0', '<')
  Ô×£  66Ôûò             ? new PDO($dsn, $username, $password, $options)
     67Ôûò             : PDO::connect($dsn, $username, $password, $options); /** @phpstan-ignore staticMethod.notFound (PHP 8.4) */
     68Ôûò     }
     69Ôûò 
     70Ôûò     /**

  1   vendor\laravel\framework\src\Illuminate\Database\Connectors\Connector.php:66
  2   vendor\laravel\framework\src\Illuminate\Database\Connectors\Connector.php:44

  ÔöÇÔöÇÔöÇÔöÇÔöÇÔöÇÔöÇÔöÇÔöÇÔöÇÔöÇÔöÇÔöÇÔöÇÔöÇÔöÇÔöÇÔöÇÔöÇÔöÇÔöÇÔöÇÔöÇÔöÇÔöÇ  
   FAILEDÔÇª  QueryException   
  could not find driver (Connection: sqlite, Database: :memory:, SQL: select exists (select 1 from "main".sqlite_master where name = 'migrations' and type = 'table') as "exists")

  at vendor\laravel\framework\src\Illuminate\Database\Connectors\Connector.php:66
     62Ôûò      */
     63Ôûò     protected function createPdoConnection($dsn, $username, #[\SensitiveParameter] $password, $options)
     64Ôûò     {
     65Ôûò         return version_compare(PHP_VERSION, '8.4.0', '<')
  Ô×£  66Ôûò             ? new PDO($dsn, $username, $password, $options)
     67Ôûò             : PDO::connect($dsn, $username, $password, $options); /** @phpstan-ignore staticMethod.notFound (PHP 8.4) */
     68Ôûò     }
     69Ôûò 
     70Ôûò     /**

  1   vendor\laravel\framework\src\Illuminate\Database\Connectors\Connector.php:66
  2   vendor\laravel\framework\src\Illuminate\Database\Connectors\Connector.php:44

  ÔöÇÔöÇÔöÇÔöÇÔöÇÔöÇÔöÇÔöÇÔöÇÔöÇÔöÇÔöÇÔöÇÔöÇÔöÇÔöÇÔöÇÔöÇÔöÇÔöÇÔöÇÔöÇÔöÇÔöÇÔöÇ  
   FAILEDÔÇª  QueryException   
  could not find driver (Connection: sqlite, Database: :memory:, SQL: select exists (select 1 from "main".sqlite_master where name = 'migrations' and type = 'table') as "exists")

  at vendor\laravel\framework\src\Illuminate\Database\Connectors\Connector.php:66
     62Ôûò      */
     63Ôûò     protected function createPdoConnection($dsn, $username, #[\SensitiveParameter] $password, $options)
     64Ôûò     {
     65Ôûò         return version_compare(PHP_VERSION, '8.4.0', '<')
  Ô×£  66Ôûò             ? new PDO($dsn, $username, $password, $options)
     67Ôûò             : PDO::connect($dsn, $username, $password, $options); /** @phpstan-ignore staticMethod.notFound (PHP 8.4) */
     68Ôûò     }
     69Ôûò 
     70Ôûò     /**

  1   vendor\laravel\framework\src\Illuminate\Database\Connectors\Connector.php:66
  2   vendor\laravel\framework\src\Illuminate\Database\Connectors\Connector.php:44


  Tests:    4 failed (0 assertions)
  Duration: 0.53s

